// Jest Snapshot v1, https://goo.gl/fbAQLP

exports[`Storyshots App Basic 1`] = `
<div
  class="test-app-js"
>
  <h1>
    Welcome to 
    <code>
      brookjs
    </code>
    !
    <p>
      Count: 
      3
    </p>
    <div>
      <button>
        +
      </button>
      <button>
        -
      </button>
    </div>
  </h1>
</div>
`;
